 
****************************************
Report : constraint
        -all_violators
        -verbose
Design : mult
Version: V-2023.12-SP5
Date   : Wed Sep 23 13:13:15 2026
****************************************


Min pulse width constraints

                       Required      Actual
  Pin                pulse width   pulse width   Slack           Scenario
--------------------------------------------------------------------------------
  prod_reg[0]/CP(high)
                      0.12          0.11         -0.01 (VIOLATED)
  prod_reg[0]/CP(low)
                      0.12          0.11         -0.01 (VIOLATED)
  prod_reg[1]/CP(high)
                      0.12          0.11         -0.01 (VIOLATED)
  prod_reg[1]/CP(low)
                      0.12          0.11         -0.01 (VIOLATED)
  prod_reg[2]/CP(high)
                      0.12          0.11         -0.01 (VIOLATED)
  prod_reg[2]/CP(low)
                      0.12          0.11         -0.01 (VIOLATED)
  prod_reg[3]/CP(high)
                      0.12          0.11         -0.01 (VIOLATED)
  prod_reg[3]/CP(low)
                      0.12          0.11         -0.01 (VIOLATED)
  prod_reg[4]/CP(high)
                      0.12          0.11         -0.01 (VIOLATED)
  prod_reg[4]/CP(low)
                      0.12          0.11         -0.01 (VIOLATED)
  prod_reg[5]/CP(high)
                      0.12          0.11         -0.01 (VIOLATED)
  prod_reg[5]/CP(low)
                      0.12          0.11         -0.01 (VIOLATED)
  prod_reg[6]/CP(high)
                      0.12          0.11         -0.01 (VIOLATED)
  prod_reg[6]/CP(low)
                      0.12          0.11         -0.01 (VIOLATED)
  prod_reg[7]/CP(high)
                      0.12          0.11         -0.01 (VIOLATED)
  prod_reg[7]/CP(low)
                      0.12          0.11         -0.01 (VIOLATED)
  prod_reg[8]/CP(high)
                      0.12          0.11         -0.01 (VIOLATED)
  prod_reg[8]/CP(low)
                      0.12          0.11         -0.01 (VIOLATED)
  prod_reg[9]/CP(high)
                      0.12          0.11         -0.01 (VIOLATED)
  prod_reg[9]/CP(low)
                      0.12          0.11         -0.01 (VIOLATED)
  prod_reg[10]/CP(high)
                      0.12          0.11         -0.01 (VIOLATED)
  prod_reg[10]/CP(low)
                      0.12          0.11         -0.01 (VIOLATED)
  prod_reg[11]/CP(high)
                      0.12          0.11         -0.01 (VIOLATED)
  prod_reg[11]/CP(low)
                      0.12          0.11         -0.01 (VIOLATED)
  prod_reg[12]/CP(high)
                      0.12          0.11         -0.01 (VIOLATED)
  prod_reg[12]/CP(low)
                      0.12          0.11         -0.01 (VIOLATED)
  prod_reg[13]/CP(high)
                      0.12          0.11         -0.01 (VIOLATED)
  prod_reg[13]/CP(low)
                      0.12          0.11         -0.01 (VIOLATED)
  prod_reg[14]/CP(high)
                      0.12          0.11         -0.01 (VIOLATED)
  prod_reg[14]/CP(low)
                      0.12          0.11         -0.01 (VIOLATED)
  prod_reg[15]/CP(high)
                      0.12          0.11         -0.01 (VIOLATED)
  prod_reg[15]/CP(low)
                      0.12          0.11         -0.01 (VIOLATED)
  prod_reg[16]/CP(high)
                      0.12          0.11         -0.01 (VIOLATED)
  prod_reg[16]/CP(low)
                      0.12          0.11         -0.01 (VIOLATED)
  prod_reg[17]/CP(high)
                      0.12          0.11         -0.01 (VIOLATED)
  prod_reg[17]/CP(low)
                      0.12          0.11         -0.01 (VIOLATED)
  prod_reg[18]/CP(high)
                      0.12          0.11         -0.01 (VIOLATED)
  prod_reg[18]/CP(low)
                      0.12          0.11         -0.01 (VIOLATED)
  prod_reg[19]/CP(high)
                      0.12          0.11         -0.01 (VIOLATED)
  prod_reg[19]/CP(low)
                      0.12          0.11         -0.01 (VIOLATED)
  prod_reg[20]/CP(high)
                      0.12          0.11         -0.01 (VIOLATED)
  prod_reg[20]/CP(low)
                      0.12          0.11         -0.01 (VIOLATED)
  prod_reg[21]/CP(high)
                      0.12          0.11         -0.01 (VIOLATED)
  prod_reg[21]/CP(low)
                      0.12          0.11         -0.01 (VIOLATED)
  prod_reg[22]/CP(high)
                      0.12          0.11         -0.01 (VIOLATED)
  prod_reg[22]/CP(low)
                      0.12          0.11         -0.01 (VIOLATED)
  prod_reg[23]/CP(high)
                      0.12          0.11         -0.01 (VIOLATED)
  prod_reg[23]/CP(low)
                      0.12          0.11         -0.01 (VIOLATED)
  prod_reg[24]/CP(high)
                      0.12          0.11         -0.01 (VIOLATED)
  prod_reg[24]/CP(low)
                      0.12          0.11         -0.01 (VIOLATED)
  prod_reg[25]/CP(high)
                      0.12          0.11         -0.01 (VIOLATED)
  prod_reg[25]/CP(low)
                      0.12          0.11         -0.01 (VIOLATED)
  prod_reg[26]/CP(high)
                      0.12          0.11         -0.01 (VIOLATED)
  prod_reg[26]/CP(low)
                      0.12          0.11         -0.01 (VIOLATED)
  prod_reg[27]/CP(high)
                      0.12          0.11         -0.01 (VIOLATED)
  prod_reg[27]/CP(low)
                      0.12          0.11         -0.01 (VIOLATED)
  prod_reg[28]/CP(high)
                      0.12          0.11         -0.01 (VIOLATED)
  prod_reg[28]/CP(low)
                      0.12          0.11         -0.01 (VIOLATED)
  prod_reg[29]/CP(high)
                      0.12          0.11         -0.01 (VIOLATED)
  prod_reg[29]/CP(low)
                      0.12          0.11         -0.01 (VIOLATED)
  prod_reg[30]/CP(high)
                      0.12          0.11         -0.01 (VIOLATED)
  prod_reg[30]/CP(low)
                      0.12          0.11         -0.01 (VIOLATED)
  prod_reg[31]/CP(high)
                      0.12          0.11         -0.01 (VIOLATED)
  prod_reg[31]/CP(low)
                      0.12          0.11         -0.01 (VIOLATED)

1
