 
****************************************
Report : area
Design : mult
Version: V-2023.12-SP5
Date   : Tue Sep 22 19:32:18 2026
****************************************

Library(s) Used:

    N16ADFP_StdCelltt0p8v25c (File: /classes/ece5746/tsmcN16/Executable_Package/Collaterals/IP/stdcell/N16ADFP_StdCell/NLDM/N16ADFP_StdCelltt0p8v25c.db)

Number of ports:                           66
Number of nets:                           884
Number of cells:                          732
Number of combinational cells:            700
Number of sequential cells:                32
Number of macros/black boxes:               0
Number of buf/inv:                        105
Number of references:                      23

Combinational area:                310.417928
Buf/Inv area:                       17.107201
Noncombinational area:              36.495361
Macro/Black Box area:                0.000000
Net Interconnect area:      undefined  (Wire load has zero net area)

Total cell area:                   346.913290
Total area:                 undefined

Hierarchical area distribution
------------------------------

                                  Global cell area          Local cell area
                                  ------------------  --------------------------- 
Hierarchical cell                 Absolute   Percent  Combi-    Noncombi-  Black-
                                  Total      Total    national  national   boxes   Design
--------------------------------  ---------  -------  --------  ---------  ------  ---------
mult                               346.9133    100.0  310.4179    36.4954  0.0000  mult
--------------------------------  ---------  -------  --------  ---------  ------  ---------
Total                                                 310.4179    36.4954  0.0000


Area of detected synthetic parts
--------------------------------
  No DW parts to report!

Estimated area of ungrouped synthetic parts
-------------------------------------------
                              Estimated  Perc. of
  Module      Implem.  Count       Area cell area
  ----------- -------  ----- ---------- ---------
  DW_mult_uns  pparch      1   310.1287     89.4%
  ----------- -------  ----- ---------- ---------
  Total:                   1   310.1287     89.4%

Total synthetic cell area:              310.1287  89.4%  (estimated)

1
