 
****************************************
Report : constraint
        -all_violators
        -verbose
Design : mult
Version: V-2023.12-SP5
Date   : Wed Sep 23 13:17:07 2026
****************************************


  Startpoint: inp_b[1] (input port clocked by clk)
  Endpoint: prod_reg[1]
            (rising edge-triggered flip-flop clocked by clk)
  Path Group: clk
  Path Type: min

  Des/Clust/Port     Wire Load Model       Library
  ------------------------------------------------
  mult               ZeroWireload          N16ADFP_StdCelltt0p8v25c

  Point                                    Incr       Path
  -----------------------------------------------------------
  clock clk (rise edge)                    0.00       0.00
  clock network delay (ideal)              0.00       0.00
  input external delay                     0.01       0.01 f
  inp_b[1] (in)                            0.00       0.01 f
  U88/ZN (AOI21D1BWP16P90LVT)              0.01       0.02 r
  U89/ZN (OAI32D1BWP16P90LVT)              0.01       0.03 f
  prod_reg[1]/D (DFCNQD2BWP16P90LVT)       0.00       0.03 f
  data arrival time                                   0.03

  clock clk (rise edge)                    0.00       0.00
  clock network delay (ideal)              0.00       0.00
  clock uncertainty                        0.01       0.01
  prod_reg[1]/CP (DFCNQD2BWP16P90LVT)      0.00       0.01 r
  library hold time                        0.02       0.03
  data required time                                  0.03
  -----------------------------------------------------------
  data required time                                  0.03
  data arrival time                                  -0.03
  -----------------------------------------------------------
  slack (VIOLATED: increase significant digits)       0.00


  Startpoint: inp_a[0] (input port clocked by clk)
  Endpoint: prod_reg[0]
            (rising edge-triggered flip-flop clocked by clk)
  Path Group: clk
  Path Type: min

  Des/Clust/Port     Wire Load Model       Library
  ------------------------------------------------
  mult               ZeroWireload          N16ADFP_StdCelltt0p8v25c

  Point                                    Incr       Path
  -----------------------------------------------------------
  clock clk (rise edge)                    0.00       0.00
  clock network delay (ideal)              0.00       0.00
  input external delay                     0.01       0.01 f
  inp_a[0] (in)                            0.01       0.02 f
  U81/ZN (INVD1BWP16P90LVT)                0.01       0.02 r
  U82/ZN (NR2D1BWP16P90LVT)                0.01       0.03 f
  prod_reg[0]/D (DFCNQD1BWP16P90LVT)       0.00       0.03 f
  data arrival time                                   0.03

  clock clk (rise edge)                    0.00       0.00
  clock network delay (ideal)              0.00       0.00
  clock uncertainty                        0.01       0.01
  prod_reg[0]/CP (DFCNQD1BWP16P90LVT)      0.00       0.01 r
  library hold time                        0.02       0.03
  data required time                                  0.03
  -----------------------------------------------------------
  data required time                                  0.03
  data arrival time                                  -0.03
  -----------------------------------------------------------
  slack (VIOLATED: increase significant digits)       0.00


1
