 
****************************************
Report : constraint
        -all_violators
        -verbose
Design : mult
Version: V-2023.12-SP5
Date   : Wed Sep 23 13:14:00 2026
****************************************


  Startpoint: inp_a[0] (input port clocked by clk)
  Endpoint: prod_reg[0]
            (rising edge-triggered flip-flop clocked by clk)
  Path Group: clk
  Path Type: min

  Des/Clust/Port     Wire Load Model       Library
  ------------------------------------------------
  mult               ZeroWireload          N16ADFP_StdCelltt0p8v25c

  Point                                    Incr       Path
  -----------------------------------------------------------
  clock clk (rise edge)                    0.00       0.00
  clock network delay (ideal)              0.00       0.00
  input external delay                     0.01       0.01 f
  inp_a[0] (in)                            0.00       0.01 f
  U121/ZN (INVD1BWP16P90LVT)               0.01       0.02 r
  U843/ZN (INR2D1BWP16P90LVT)              0.00       0.02 f
  prod_reg[0]/D (DFCNQD2BWP16P90LVT)       0.00       0.02 f
  data arrival time                                   0.02

  clock clk (rise edge)                    0.00       0.00
  clock network delay (ideal)              0.00       0.00
  clock uncertainty                        0.01       0.01
  prod_reg[0]/CP (DFCNQD2BWP16P90LVT)      0.00       0.01 r
  library hold time                        0.02       0.03
  data required time                                  0.03
  -----------------------------------------------------------
  data required time                                  0.03
  data arrival time                                  -0.02
  -----------------------------------------------------------
  slack (VIOLATED)                                   -0.01


Min pulse width constraints

                       Required      Actual
  Pin                pulse width   pulse width   Slack           Scenario
--------------------------------------------------------------------------------
  prod_reg[0]/CP(high)
                      0.12          0.12         -0.00 (VIOLATED)
  prod_reg[0]/CP(low)
                      0.12          0.12         -0.00 (VIOLATED)
  prod_reg[1]/CP(high)
                      0.12          0.12         -0.00 (VIOLATED)
  prod_reg[1]/CP(low)
                      0.12          0.12         -0.00 (VIOLATED)
  prod_reg[2]/CP(high)
                      0.12          0.12         -0.00 (VIOLATED)
  prod_reg[2]/CP(low)
                      0.12          0.12         -0.00 (VIOLATED)
  prod_reg[3]/CP(high)
                      0.12          0.12         -0.00 (VIOLATED)
  prod_reg[3]/CP(low)
                      0.12          0.12         -0.00 (VIOLATED)
  prod_reg[4]/CP(high)
                      0.12          0.12         -0.00 (VIOLATED)
  prod_reg[4]/CP(low)
                      0.12          0.12         -0.00 (VIOLATED)
  prod_reg[5]/CP(high)
                      0.12          0.12         -0.00 (VIOLATED)
  prod_reg[5]/CP(low)
                      0.12          0.12         -0.00 (VIOLATED)
  prod_reg[6]/CP(high)
                      0.12          0.12         -0.00 (VIOLATED)
  prod_reg[6]/CP(low)
                      0.12          0.12         -0.00 (VIOLATED)
  prod_reg[7]/CP(high)
                      0.12          0.12         -0.00 (VIOLATED)
  prod_reg[7]/CP(low)
                      0.12          0.12         -0.00 (VIOLATED)
  prod_reg[8]/CP(high)
                      0.12          0.12         -0.00 (VIOLATED)
  prod_reg[8]/CP(low)
                      0.12          0.12         -0.00 (VIOLATED)
  prod_reg[9]/CP(high)
                      0.12          0.12         -0.00 (VIOLATED)
  prod_reg[9]/CP(low)
                      0.12          0.12         -0.00 (VIOLATED)
  prod_reg[10]/CP(high)
                      0.12          0.12         -0.00 (VIOLATED)
  prod_reg[10]/CP(low)
                      0.12          0.12         -0.00 (VIOLATED)
  prod_reg[11]/CP(high)
                      0.12          0.12         -0.00 (VIOLATED)
  prod_reg[11]/CP(low)
                      0.12          0.12         -0.00 (VIOLATED)
  prod_reg[12]/CP(high)
                      0.12          0.12         -0.00 (VIOLATED)
  prod_reg[12]/CP(low)
                      0.12          0.12         -0.00 (VIOLATED)
  prod_reg[13]/CP(high)
                      0.12          0.12         -0.00 (VIOLATED)
  prod_reg[13]/CP(low)
                      0.12          0.12         -0.00 (VIOLATED)
  prod_reg[14]/CP(high)
                      0.12          0.12         -0.00 (VIOLATED)
  prod_reg[14]/CP(low)
                      0.12          0.12         -0.00 (VIOLATED)
  prod_reg[15]/CP(high)
                      0.12          0.12         -0.00 (VIOLATED)
  prod_reg[15]/CP(low)
                      0.12          0.12         -0.00 (VIOLATED)
  prod_reg[16]/CP(high)
                      0.12          0.12         -0.00 (VIOLATED)
  prod_reg[16]/CP(low)
                      0.12          0.12         -0.00 (VIOLATED)
  prod_reg[17]/CP(high)
                      0.12          0.12         -0.00 (VIOLATED)
  prod_reg[17]/CP(low)
                      0.12          0.12         -0.00 (VIOLATED)
  prod_reg[18]/CP(high)
                      0.12          0.12         -0.00 (VIOLATED)
  prod_reg[18]/CP(low)
                      0.12          0.12         -0.00 (VIOLATED)
  prod_reg[19]/CP(high)
                      0.12          0.12         -0.00 (VIOLATED)
  prod_reg[19]/CP(low)
                      0.12          0.12         -0.00 (VIOLATED)
  prod_reg[20]/CP(high)
                      0.12          0.12         -0.00 (VIOLATED)
  prod_reg[20]/CP(low)
                      0.12          0.12         -0.00 (VIOLATED)
  prod_reg[21]/CP(high)
                      0.12          0.12         -0.00 (VIOLATED)
  prod_reg[21]/CP(low)
                      0.12          0.12         -0.00 (VIOLATED)
  prod_reg[22]/CP(high)
                      0.12          0.12         -0.00 (VIOLATED)
  prod_reg[22]/CP(low)
                      0.12          0.12         -0.00 (VIOLATED)
  prod_reg[23]/CP(high)
                      0.12          0.12         -0.00 (VIOLATED)
  prod_reg[23]/CP(low)
                      0.12          0.12         -0.00 (VIOLATED)
  prod_reg[24]/CP(high)
                      0.12          0.12         -0.00 (VIOLATED)
  prod_reg[24]/CP(low)
                      0.12          0.12         -0.00 (VIOLATED)
  prod_reg[25]/CP(high)
                      0.12          0.12         -0.00 (VIOLATED)
  prod_reg[25]/CP(low)
                      0.12          0.12         -0.00 (VIOLATED)
  prod_reg[26]/CP(high)
                      0.12          0.12         -0.00 (VIOLATED)
  prod_reg[26]/CP(low)
                      0.12          0.12         -0.00 (VIOLATED)
  prod_reg[27]/CP(high)
                      0.12          0.12         -0.00 (VIOLATED)
  prod_reg[27]/CP(low)
                      0.12          0.12         -0.00 (VIOLATED)
  prod_reg[28]/CP(high)
                      0.12          0.12         -0.00 (VIOLATED)
  prod_reg[28]/CP(low)
                      0.12          0.12         -0.00 (VIOLATED)
  prod_reg[29]/CP(high)
                      0.12          0.12         -0.00 (VIOLATED)
  prod_reg[29]/CP(low)
                      0.12          0.12         -0.00 (VIOLATED)
  prod_reg[30]/CP(high)
                      0.12          0.12         -0.00 (VIOLATED)
  prod_reg[30]/CP(low)
                      0.12          0.12         -0.00 (VIOLATED)
  prod_reg[31]/CP(high)
                      0.12          0.12         -0.00 (VIOLATED)
  prod_reg[31]/CP(low)
                      0.12          0.12         -0.00 (VIOLATED)

1
