 
****************************************
Report : area
Design : mult
Version: V-2023.12-SP5
Date   : Tue Sep 22 17:37:58 2026
****************************************

Library(s) Used:

    N16ADFP_StdCelltt0p8v25c (File: /classes/ece5746/tsmcN16/Executable_Package/Collaterals/IP/stdcell/N16ADFP_StdCell/NLDM/N16ADFP_StdCelltt0p8v25c.db)

Number of ports:                           66
Number of nets:                           997
Number of cells:                          855
Number of combinational cells:            823
Number of sequential cells:                32
Number of macros/black boxes:               0
Number of buf/inv:                        132
Number of references:                      37

Combinational area:                342.247689
Buf/Inv area:                       23.794561
Noncombinational area:              36.495361
Macro/Black Box area:                0.000000
Net Interconnect area:      undefined  (Wire load has zero net area)

Total cell area:                   378.743050
Total area:                 undefined

Hierarchical area distribution
------------------------------

                                  Global cell area          Local cell area
                                  ------------------  --------------------------- 
Hierarchical cell                 Absolute   Percent  Combi-    Noncombi-  Black-
                                  Total      Total    national  national   boxes   Design
--------------------------------  ---------  -------  --------  ---------  ------  ---------
mult                               378.7431    100.0  342.2477    36.4954  0.0000  mult
--------------------------------  ---------  -------  --------  ---------  ------  ---------
Total                                                 342.2477    36.4954  0.0000


Area of detected synthetic parts
--------------------------------
  No DW parts to report!

Total synthetic cell area:              0.0000  0.0%  

1
