\o Program:		@(#)$CDS: libManager version 23.1 - CAT38 04/15/2024 12:23 (sjfdcl749) $
\o Sub version:		sub-version  p323 
\o Arguments:		-mpssession virtuoso14741 -mpshost ecelinux-10.ece.cornell.edu -masterPID 14741 -ADVM 
\o Working Directory:	ecelinux-10.ece.cornell.edu:/home/ab3394/cornell_tech/asic_design_labs/tsmcN16_ADFP
\o 64-bit offsets
\o Qt version: 		5.15.9
\o Log file is "/home/ab3394/cornell_tech/asic_design_labs/tsmcN16_ADFP/libManager.log".
\o Opening libManager window.
\a nrSetCurrentWindow(cdsLibManager)
\o MPS virtuoso types registered: 68
\a nrResizeWindow(cdsLibManager list(0 0 602 491))
\o changeWorkingDir("/home/ab3394/cornell_tech/asic_design_labs/tsmcN16_ADFP") unnecessary.
\o ddSetForcedLib("") unnecessary.
\o Session hidden cells enabled.
\o MPS service: map window
\o Library Manager customization server connected.
\a nrSetWindowVisibility(cdsLibManager "hide")
\a _lmgrCloseIconify("cdsLibManager" 1)
\o MPS service: shutdown
\o libManager is exiting.
\a exit(0)
