 
****************************************
Report : area
Design : mult
Version: V-2023.12-SP5
Date   : Tue Sep 22 18:07:08 2026
****************************************

Library(s) Used:

    N16ADFP_StdCelltt0p8v25c (File: /classes/ece5746/tsmcN16/Executable_Package/Collaterals/IP/stdcell/N16ADFP_StdCell/NLDM/N16ADFP_StdCelltt0p8v25c.db)

Number of ports:                           66
Number of nets:                          1210
Number of cells:                         1148
Number of combinational cells:           1116
Number of sequential cells:                32
Number of macros/black boxes:               0
Number of buf/inv:                        208
Number of references:                      75

Combinational area:                489.214091
Buf/Inv area:                       44.582401
Noncombinational area:              36.495361
Macro/Black Box area:                0.000000
Net Interconnect area:      undefined  (Wire load has zero net area)

Total cell area:                   525.709452
Total area:                 undefined

Hierarchical area distribution
------------------------------

                                  Global cell area          Local cell area
                                  ------------------  --------------------------- 
Hierarchical cell                 Absolute   Percent  Combi-    Noncombi-  Black-
                                  Total      Total    national  national   boxes   Design
--------------------------------  ---------  -------  --------  ---------  ------  ---------
mult                               525.7095    100.0  489.2141    36.4954  0.0000  mult
--------------------------------  ---------  -------  --------  ---------  ------  ---------
Total                                                 489.2141    36.4954  0.0000


Area of detected synthetic parts
--------------------------------
  No DW parts to report!

Total synthetic cell area:              0.0000  0.0%  

1
