 
****************************************
Report : area
Design : mult
Version: V-2023.12-SP5
Date   : Tue Sep 22 18:11:14 2026
****************************************

Library(s) Used:

    N16ADFP_StdCelltt0p8v25c (File: /classes/ece5746/tsmcN16/Executable_Package/Collaterals/IP/stdcell/N16ADFP_StdCell/NLDM/N16ADFP_StdCelltt0p8v25c.db)

Number of ports:                           66
Number of nets:                           817
Number of cells:                          644
Number of combinational cells:            612
Number of sequential cells:                32
Number of macros/black boxes:               0
Number of buf/inv:                        117
Number of references:                      22

Combinational area:                281.491204
Buf/Inv area:                       18.299521
Noncombinational area:              36.495361
Macro/Black Box area:                0.000000
Net Interconnect area:      undefined  (Wire load has zero net area)

Total cell area:                   317.986565
Total area:                 undefined

Hierarchical area distribution
------------------------------

                                  Global cell area          Local cell area
                                  ------------------  --------------------------- 
Hierarchical cell                 Absolute   Percent  Combi-    Noncombi-  Black-
                                  Total      Total    national  national   boxes   Design
--------------------------------  ---------  -------  --------  ---------  ------  ---------
mult                               317.9866    100.0  281.4912    36.4954  0.0000  mult
--------------------------------  ---------  -------  --------  ---------  ------  ---------
Total                                                 281.4912    36.4954  0.0000


Area of detected synthetic parts
--------------------------------
  No DW parts to report!

Estimated area of ungrouped synthetic parts
-------------------------------------------
                              Estimated  Perc. of
  Module      Implem.  Count       Area cell area
  ----------- -------  ----- ---------- ---------
  DW_mult_uns apparch      1   255.3643     80.3%
  ----------- -------  ----- ---------- ---------
  Total:                   1   255.3643     80.3%

Total synthetic cell area:              255.3643  80.3%  (estimated)

1
