 
****************************************
Report : area
Design : mult
Version: V-2023.12-SP5
Date   : Tue Sep 22 19:32:39 2026
****************************************

Library(s) Used:

    N16ADFP_StdCelltt0p8v25c (File: /classes/ece5746/tsmcN16/Executable_Package/Collaterals/IP/stdcell/N16ADFP_StdCell/NLDM/N16ADFP_StdCelltt0p8v25c.db)

Number of ports:                           66
Number of nets:                           801
Number of cells:                          628
Number of combinational cells:            596
Number of sequential cells:                32
Number of macros/black boxes:               0
Number of buf/inv:                        107
Number of references:                      27

Combinational area:                283.616646
Buf/Inv area:                       16.744321
Noncombinational area:              36.495361
Macro/Black Box area:                0.000000
Net Interconnect area:      undefined  (Wire load has zero net area)

Total cell area:                   320.112007
Total area:                 undefined

Hierarchical area distribution
------------------------------

                                  Global cell area          Local cell area
                                  ------------------  --------------------------- 
Hierarchical cell                 Absolute   Percent  Combi-    Noncombi-  Black-
                                  Total      Total    national  national   boxes   Design
--------------------------------  ---------  -------  --------  ---------  ------  ---------
mult                               320.1120    100.0  283.6166    36.4954  0.0000  mult
--------------------------------  ---------  -------  --------  ---------  ------  ---------
Total                                                 283.6166    36.4954  0.0000


Area of detected synthetic parts
--------------------------------
  No DW parts to report!

Estimated area of ungrouped synthetic parts
-------------------------------------------
                              Estimated  Perc. of
  Module      Implem.  Count       Area cell area
  ----------- -------  ----- ---------- ---------
  DW_mult_uns apparch      1   254.4830     79.5%
  ----------- -------  ----- ---------- ---------
  Total:                   1   254.4830     79.5%

Total synthetic cell area:              254.4830  79.5%  (estimated)

1
